2026-08-05T01:33:43Z [    0.0s]   0.0% |     ETA -- | INFO  | experiment parkes-vela-cross-observatory-v0.7: 2 observations, 2048 surrogates | pulsarnet v0.6.0 | seed 20260807 | manifest sha256 f061249f81662b4b…
2026-08-05T01:33:44Z [    0.8s]   0.0% |     ETA -- | INFO  | VELA-PKS-58347-B1: loading + extracting target
2026-08-05T01:33:58Z [   14.9s]   5.0% |  ETA 4m44s | INFO  | VELA-PKS-58347-B1: target scanned (669 pulses, verdict=consistent_with_fitted_natural_model)
2026-08-05T01:33:59Z [   15.5s]  10.0% |  ETA 3m11s | INFO  | VELA-PKS-58347-B1: control block-permutation done
2026-08-05T01:34:07Z [   23.3s]  15.0% |  ETA 2m46s | INFO  | VELA-PKS-58347-B1: control offpulse-+0.250 done
2026-08-05T01:34:15Z [   31.4s]  20.0% |  ETA 2m28s | INFO  | VELA-PKS-58347-B1: control offpulse-+0.500 done
2026-08-05T01:34:23Z [   39.3s]  25.0% |  ETA 2m12s | INFO  | VELA-PKS-58347-B1: control offpulse-+0.750 done
2026-08-05T01:34:30Z [   47.2s]  30.0% |  ETA 2m00s | INFO  | VELA-PKS-58347-B1: control wrong-period--0.02000 done
2026-08-05T01:34:38Z [   55.0s]  35.0% |  ETA 1m48s | INFO  | VELA-PKS-58347-B1: control wrong-period-+0.02000 done
2026-08-05T01:34:50Z [   66.7s]  40.0% |  ETA 1m52s | INFO  | VELA-PKS-58347-B1: control wrong-dm--0.250 done
2026-08-05T01:35:02Z [   78.5s]  45.0% |  ETA 1m50s | INFO  | VELA-PKS-58347-B1: control wrong-dm-+0.250 done
2026-08-05T01:35:02Z [   78.9s]  50.0% |  ETA 1m11s | INFO  | VELA-PKS-58347-B1: split-half recurrence checked
2026-08-05T01:35:04Z [   80.6s]  50.0% |  ETA 1m11s | INFO  | VELA-PKS-58348-B3: loading + extracting target
2026-08-05T01:35:18Z [   94.5s]  55.0% |  ETA 1m27s | INFO  | VELA-PKS-58348-B3: target scanned (671 pulses, verdict=consistent_with_fitted_natural_model)
2026-08-05T01:35:18Z [   95.0s]  60.0% |  ETA 0m55s | INFO  | VELA-PKS-58348-B3: control block-permutation done
2026-08-05T01:35:26Z [  102.9s]  65.0% |  ETA 0m50s | INFO  | VELA-PKS-58348-B3: control offpulse-+0.250 done
2026-08-05T01:35:34Z [  110.8s]  70.0% |  ETA 0m44s | INFO  | VELA-PKS-58348-B3: control offpulse-+0.500 done
2026-08-05T01:35:42Z [  118.6s]  75.0% |  ETA 0m37s | INFO  | VELA-PKS-58348-B3: control offpulse-+0.750 done
2026-08-05T01:35:50Z [  126.3s]  80.0% |  ETA 0m30s | INFO  | VELA-PKS-58348-B3: control wrong-period--0.02000 done
2026-08-05T01:35:58Z [  134.2s]  85.0% |  ETA 0m23s | INFO  | VELA-PKS-58348-B3: control wrong-period-+0.02000 done
2026-08-05T01:36:09Z [  146.1s]  90.0% |  ETA 0m17s | INFO  | VELA-PKS-58348-B3: control wrong-dm--0.250 done
2026-08-05T01:36:21Z [  158.1s]  95.0% |  ETA 0m09s | INFO  | VELA-PKS-58348-B3: control wrong-dm-+0.250 done
2026-08-05T01:36:22Z [  158.5s] 100.0% |  ETA 0m00s | INFO  | VELA-PKS-58348-B3: split-half recurrence checked
2026-08-05T01:36:23Z [  159.5s] 100.0% |  ETA 0m00s | INFO  | experiment complete: 2 ok, 0 failed, 0 follow-up candidate(s)
